1.设置终端字体
如果您的屏幕分辨率较⾼，您会发现终端显⽰字体较⼩。这时需要设置终端字体，把字号调⼤。
分辨率为1080p的屏幕，建议选择字体ter-122b，分辨率更⾼的屏幕，可以在ter-124b，ter128b，ter-132b中选择⼀个
root@archiso ~ # setfont ter-132b
建议您记住刚刚选择的字体，配置系统时会⽤到。控制台字体位于/usr/share/kbd/consolefonts/目录中.
showconsolefont ##此命令将显示控制台字体的字形或字母表。

2.验证启动模式
本⽂开始时提到，您的电脑必须在 UEFI 模式下启动，
root@archiso ~ # ls /sys/firmware/efi/efivars
如果有⼤量输出，说明您的电脑处于 UEFI 模式；如果有类似于如下的输出，说明您的电脑处于BIOS 模式。
ls: cannot access '/sys/firmware/efi/efivars': No such file or directory

3.连接互联⽹
Arch Linux 镜像只提供⼀个基本的安装环境，软件包仍需要连接互联⽹后下载。检查确保⽹络接⼝已经启⽤。
注意： 默认情况下安装映像已预配置并启用了systemd-networkd、systemd-resolved、iwd和 ModemManager。但已经安装好了的系统并非如此。
iwctl
device list
station wlan0 scan
station wlan0 get-networks
station wlan0 connect SSID
exit
root@archiso ~ # ip link
root@archiso ~ # ip -c a

4.更新系统时钟
在互联⽹连接之后，systemd-timesyncd服务将⾃动校准系统时间。请输⼊如下命令确定时间的准确性。
root@archiso ~ # timedatectl
时间可能以UTC时区显⽰，⽐北京时间慢8⼩时。这是正常现象，⽆需调整。如果时间不准确，请使⽤date命令⼿动设置时间。

5.磁盘分区,格式化,建⽴SWAP分区或文件
先使⽤lsblk -l或fdisk -l查看分区信息
root@archiso ~ # mkfs.fat -F 32 /dev/sda1	#EFI分区
root@archiso ~ # mkfs.ext4 /dev/sda2	#root分区
root@archiso ~ # mkfs.ext4 /dev/sda3	#home分区

6.挂载
挂载是有顺序的，需要从根⽬录开始挂载。使⽤如下命令挂载⼦卷：
root@archiso ~ # mount /dev/sda2 /mnt
root@archiso ~ # mount --mkdir /dev/sda1 /mnt/boot/efi
root@archiso ~ # mount --mkdir /dev/sda3 /mnt/home
提示：使用--mkdir -m选项运行mount来创建指定的挂载点。或者先使用mkdir创建挂载点再挂载。
注意：挂载分区一定要遵循顺序，先挂载根root分区到/mnt，再挂载EFI系统分区(ESP)到/mnt/boot/efi，最后再挂载其他分区。否则可能安装完成后无法启动系统
要设/boot/efi为ESP是因为grub-install安装在整个盘时会默认认为/boot/efi是ESP，否则会找不到EFI directory。可以用--efi-directory=你的esp解决找不到efi分区的问题。

7.选择软件仓库镜像
要获取pacman-mirrorlist包的按国家分列的原始镜像列表，在挑选了能用的镜像之后，可以执行
# pacman -Sy pacman-mirrorlist
再将/etc/pacman.d/mirrorlist.pacnew复制到/etc/pacman.d/mirrorlist并进行编辑。
这个文件接下来还会被pacstrap拷贝到新系统里，所以请您确保设置正确。
在LiveCD启动的系统上，在连接到互联网后，reflector会通过选择20个最新同步的HTTPS镜像站并按下载速率对其进行排序来更新镜像列表,其结果大多数时候都不怎么好用。
所以首先停用reflector服务，systemctl disable reflector。然后⼿动编辑/etc/pacman.d/mirrorlist。
国内知名的软件仓库镜像站有清华TUNA，中科⼤USTC，北外BFSU，上交SJTUG，南大NJU镜像
# vi /etc/pacman.d/mirrorlist
/etc/pacman.d/mirrorlist
------------------------
Server = https://mirror.nju.edu.cn/archlinux/$repo/os/$arch
Server = https://mirrors.bfsu.edu.cn/archlinux/$repo/os/$arch
Server = https://mirrors.ustc.edu.cn/archlinux/$repo/os/$arch
Server = https://mirrors.sjtug.sjtu.edu.cn/archlinux/$repo/os/$arch
Server = https://mirrors.tuna.tsinghua.edu.cn/archlinux/$repo/os/$arch

8.安装
使⽤pacstrap脚本安装base，linux，linux-firmware三个软件包，它们分别是基础包组，linux内核,常规硬件的固件。此外如果您使⽤2019年及以后的笔记本电脑，可能需要安装sof-firmware，否则可能没有声⾳
root@archiso ~ # pacstrap -K /mnt base linux linux-firmware base-devel sof-firmware vim #安装基础包
root@archiso ~ # pacstrap -K /mnt networkmanager intel-ucode sudo terminus-font #安装其它必要的功能性软件
#CPU微码包。Intel CPU使用intel-ucode包，AMD CPU使用amd-ucode包。也可以都不安装等进入系统后再安装。
#可以将 linux包 替换为内核页面中介绍的其他内核软件包。在虚拟机或容器中安装时，可以不安装固件与微码包。新安装的系统中是没有文本编辑器的，所以请先安装文本编辑器如nano包或者vim包等。base包软件包并没有包含Live环境中的全部程序。因此要获得一个功能齐全的基本系统，可能需要安装更多软件包。要安装其他软件包或软件包组（比如base-devel包组），请将它们的名字追加到下面的pacstrap命令后(用空格分隔），或者也可以在Chroot进新系统后使用pacman手动安装。特别要考虑安装：管理所用文件系统的用户工具（比如XFS和Btrfs对应的管理工具）；访问RAID或LVM分区的工具；未包含在linux-firmware包中的额外固件(如用于声卡的sof-firmware包)；联网所需要的程序（例如networkmanager或standalone DHCP client，以及Wi-Fi认证软件和移动宽带连接所需的ModemManager）；文本编辑器（如：nano包、vim包等）；访问man和info页面中文档的工具：man-db包，man-pages包和texinfo包。
#如果报告“验证软件包错误”，可以尝试以下⽅法，然后重新安装。
root@archiso ~ # pacman-key --init # 初始化密钥环
root@archiso ~ # pacman-key --populate
root@archiso ~ # pacman -Sy archlinux-keyring # 更新 archlinux-keyring

9.Fstab
用以下命令生成fstab文件(用-U或-L选项设置UUID或卷标)：
# genfstab -U /mnt >> /mnt/etc/fstab
强烈建议在执行完以上命令后，cat /mnt/etc/fstab检查一下生成的文件是否正确。

10.Chroot到新安装的系统：
# arch-chroot /mnt
提示：此处使用的是arch-chroot而不是直接使用chroot，注意不要输错。

11.时区
要设置时区：
# ln -sf /usr/share/zoneinfo/Asia/Shanghai /etc/localtime
# cp /usr/share/zoneinfo/Asia/Shanghai /etc/localtime
然后运行hwclock生成/etc/adjtime：
# hwclock --systohc  
# hwclock -w   
这个命令假定已设置硬件时间为 UTC 时间。

12.本地化
程序和库如果需要本地化文本，都依赖区域设置，后者明确规定了地域、货币、时区日期的格式、字符排列方式和其他本地化标准。
需在这两个文件设置：locale.gen 与 locale.conf。
编辑/etc/locale.gen，然后取消掉en_GB.UTF-8 UTF-8和zh_CN.UTF-8 UTF-8的注释#。
接着执行locale-gen以生成locale信息：
# locale-gen
然后创建locale.conf文件，并编辑设定LANG变量，比如：
/etc/locale.conf
LANG=en_GB.UTF-8
LANG=en_US.UTF-8
提示：对于中文用户,用户可以设置自己的locale，将系统locale设置为en_US.UTF-8，系统的log就会用英文显示，这样更容易判断和处理问题；也可以设置为en_GB.UTF-8或en_SG.UTF-8，附带以下优点：进入桌面环境后以24小时制显示时间；LibreOffice等办公软件的纸张尺寸会默认为A4而非Letter(US)；可尽量避免不必要且可能造成处理麻烦的英制单位。设置的LANG变量需与locale设置一致，否则会出现错误：Cannot set LC_CTYPE to default locale: No such file or directory
警告：不推荐在此设置任何中文locale，会导致tty上中文显示为方块。如不经常使用TTY，或是稍后需要安装桌面环境，则在不使用TTY后可以设置为中文的locale。

13.控制台键盘布局和字体，可编辑vconsole.conf使其长期生效，例如：
/etc/vconsole.conf
#KEYMAP=de-latin1
FONT=ter-132b

14.网络配置
请编辑hostname文件，设置主机名，这将成为您计算机的名字。
[root@archiso ~]# vim /etc/hostname
myhostname

15.安装引导程序
需要安装Linux引导加载程序，才能在安装后启动系统，GRUB是最常见的选择。首先安装必要的软件包。
[root@archiso ~]# pacman -S grub efibootmgr os-prober
安装GRUB
执行下面的命令来将GRUB EFI应用grubx64.efi安装到esp/EFI/GRUB/，并将其模块安装到/boot/grub/x86_64-efi/。
# grub-install --target=x86_64-efi --efi-directory=/boot --bootloader-id=GRUB
如果您在挂载分区时，将esp分区挂载到了/efi或者/boot/efi，请在--efi-directory选项中作相应变动。如果您完全按照本教程操作，就不用作改变。
生成GRUB配置
[root@archiso ~]# grub-mkconfig -o /boot/grub/grub.cfg
警告：这是安装的最后一步也是至关重要的一步，请按上述指引正确安装好引导加载程序后再重新启动。否则重启后将无法正常进入系统。

16.设置root密码
# passwd

17.重启
输入exit或按Ctrl+d退出chroot环境。用umount -R /mnt手动卸载被挂载的分区：这有助于发现任何“繁忙”的分区，并通过fuser查找原因。最后，通过执行reboot重启系统，systemd将自动卸载仍然挂载的任何分区。不要忘记移除安装介质，然后使用root帐户登录到新系统。

18.安装后的工作
创建非特权账户、图形用户界面的安装、声音管理、触摸板支持等系统管理教程和后期工作参见建议阅读。

19.重启后连接网络
systemctl enable --now NetworkManager  #设置开机自启并立即启动NetworkManager服务
若为无线连接，则需要在启动NetworkManager后使用 nmcli连接网络
nmcli dev wifi list # 显示附近的Wi-Fi网络
nmcli dev wifi connect "Wi-Fi名（SSID）" password "网络密码" # 连接指定的无线网络

20.Arch Linux CN仓库
在 /etc/pacman.conf 文件末尾添加两行：
[archlinuxcn]
Server = https://mirrors.ustc.edu.cn/archlinuxcn/$arch
然后安装archlinuxcn-keyring 包以导入 GPG key
pacman -Sy archlinuxcn-keyring
安装AUR助手
pacman -S yay paru

21.安装xorg,lightdm,lightdm-gtk-greeter 
pacman -S xorg lightdm lightdm-gtk-greeter 
lightdm-slick-greeter包: 来自LinuxMint项目的greeter
lightdm-pantheon-greeter包: 来自ElementaryOS项目的greeter。
ll /usr/share/xgreeters/
-rw-r--r-- 1 root root 187  5月 6日 02:52 io.elementary.greeter.desktop
-rw-r--r-- 1 root root 187 2022年 9月 6日    lightdm-gtk-greeter.desktop
-rw-r--r-- 1 root root 131  7月 8日 02:19 lightdm-slick-greeter.desktop
可以通过配置文件的 [Seat:*] 设置修改 greeter:
/etc/lightdm/lightdm.conf
[Seat:*]
...
greeter-session=lightdm-你要用的greeter名-greeter
systemctl enable --now lightdm  #启动lightdm

22.安装cutefish桌面
pacman -S cutefish

23.安装字体noto-fonts-cjk
pacman -S noto-fonts-cjk
手动cp字体后执行如下命令
fc-cache -fv
mkfontscale /usr/share/fonts/noto-cjk
mkfontdir /usr/share/fonts/noto-cjk

24.安装pipewire
pacman -S pipewire
pacman -S pipewire-alsa
pacman -S pipewire-pulse
pacman -S pipewire-jack

25.安装常用程序
pacman -S mousepad ristretto thunar nemo xfce4-terminal xfce4-screenshooter chromium firefox gnome-disk-utility gparted
pacman -S mpv audacious audacious-plugins

26.安装输入法
pacman -S fcitx5-im fcitx5-chinese-addons fcitx5-pinyin-zhwiki
vi /etc/environment
GTK_IM_MODULE=fcitx
QT_IM_MODULE=fcitx
XMODIFIERS=@im=fcitx

27.游戏卸载
yay -Rsn gnome-taquin   # 拼图
yay -Rsn gnome-sudoku   # 数独    
yay -Rsn quadrapassel   # 俄罗斯方块
yay -Rsn lightsoff      # 黑白棋

28.samba客户端
pacman -S smbclient cifs-utils
为了通过GNOME文件，Nemo，Caja，Thunar或PCManFM访问samba共享，安装gvfs-smb软件包，其在官方仓库可用。
pacman -S gvfs
pacman -S gvfs-smb
pacman -S gvfs-mtp
smbclient -L 192.168.2.211 -U nas%123456
mount.cifs //192.168.2.211/openmediavault /mnt/test
ls /mnt/test/

29.libreoffice
pacman -S libreoffice-fresh libreoffice-fresh-zh-cn
如果你希望开启libreoffice时启动logo不再出现, 可以打开/etc/libreoffice/sofficerc, 找到Logo=1那一行并且设置Logo=0.

30.火焰截图
pacman -S flameshot

31.edge
#pacman -S paru
$paru -S microsoft-edge-stable

20230910


